Worth
1,565